line 2:0 token recognition error at: '"''
line 2:2 token recognition error at: '"\n'
