line 2:0 token recognition error at: ''\\\'
line 2:4 token recognition error at: ''\n'
