2 CHARLITERAL '\''
line 2:4 token recognition error at: ''\n'
