2 INTLITERAL 6
line 2:1 token recognition error at: '.'
2 INTLITERAL 035
