line 1:0 token recognition error at: ''ab'
line 1:3 token recognition error at: ''\n'
