line 1:0 token recognition error at: '"line\\n'
2 break
line 2:11 token recognition error at: '"\n'
