line 1:0 token recognition error at: ''"'
line 1:2 token recognition error at: ''\n'
