line 1:0 token recognition error at: '"\x'
line 1:3 token recognition error at: '"\n'
