line 2:0 token recognition error at: '"32-G888\"\n'
