2 sizeof
op9 line 3:1: unexpected char: '@'
op9 line 4:1: unexpected char: '?'
op9 line 5:1: unexpected char: ':'
