tests/scanner/input/bool1 java.io.FileNotFoundException: tests/scanner/input/bool1 (No such file or directory)
