2 IDENTIFIER falsee
3 IDENTIFIER truse
4 IDENTIFIER trus
5 IDENTIFIER falee
6 IDENTIFIER fale
7 IDENTIFIER chicken
