line 2:0 token recognition error at: ''ab'
line 2:3 token recognition error at: ''\n'
