line 2:0 token recognition error at: ''\n'
line 3:0 token recognition error at: ''\n'
