line 2:0 token recognition error at: ''\p'
line 2:3 token recognition error at: ''\n'
