line 2:0 token recognition error at: ''\t'
line 2:2 token recognition error at: ''\n'
