line 2:0 token recognition error at: ''\'\n'
char7 token recognition error at: ''\'\n'
