2 IDENTIFIER foo
line 2:3 token recognition error at: '.'
2 IDENTIFIER bar
