tests/scanner/input/ws java.io.FileNotFoundException: tests/scanner/input/ws (No such file or directory)
