2 IDENTIFIER foo
2 IDENTIFIER bar
3 IDENTIFIER baz
3 IDENTIFIER quux
4 IDENTIFIER meep
4 IDENTIFIER peem
5 IDENTIFIER whaah
5 IDENTIFIER boom
6 IDENTIFIER doom
10 IDENTIFIER gloom
10 IDENTIFIER loom
10 IDENTIFIER weave
