6 IDENTIFIER aaa
9 IDENTIFIER bbb
10 IDENTIFIER c
11 IDENTIFIER d
