Entering inception level 1 ...
Entering inception level 2 ...
Entering inception level 3 ...
Entering inception level 4 ...
Entering inception level 5 ...
Entering inception level 6 ...
Synchronized kick!
